[gl] AMD Radeon RX 580 Series (radeonsi, polaris10, ACO, DRM 3.64, 7.1.13-hardened1-2-hardened) | 4.6 (Core Profile) Mesa 26.2.2-arch1.1 | GLSL 4.60
[gltf] /home/matthew/Documents/Workspace/ante-galic/assets/sponza/Sponza.gltf: 103 meshes, 103 instances, 25 textures
[app] keys: 1-9 debug views | 0 interpolated frame | J jitter | P scripted path | V vsync | F1-F5 scaling mode | SPACE pause | F12 screenshot | ESC quit
[app]       G frame generation | Y pacing | H HUD | T tear lines | [ ] synthetic load
[gpu] G-buffer                   0.764 ms (last   0.750)
[gpu] Synthetic load             7.437 ms (last   6.901)
[gpu] load G-buffer              0.606 ms (last   0.559)
[gpu] Tonemap                    0.084 ms (last   0.083)
[gpu] FSR dilate                 0.246 ms (last   0.241)
[gpu] FSR locks                  0.059 ms (last   0.059)
[gpu] FSR accumulate             0.684 ms (last   0.688)
[gpu] Optical flow               0.645 ms (last   0.559)
[gpu] OF pyramid                 0.108 ms (last   0.109)
[gpu] OF scene change            0.125 ms (last   0.039)
[gpu] OF flow                    0.409 ms (last   0.407)
[gpu] OF level 6                 0.027 ms (last   0.027)
[gpu] OF level 5                 0.019 ms (last   0.018)
[gpu] OF level 4                 0.018 ms (last   0.018)
[gpu] OF level 3                 0.018 ms (last   0.018)
[gpu] OF level 2                 0.029 ms (last   0.028)
[gpu] OF level 1                 0.070 ms (last   0.070)
[gpu] OF level 0                 0.228 ms (last   0.228)
[gpu] Frame generation           1.842 ms (last   1.857)
[gpu] FG interpolate             0.551 ms (last   0.562)
[gpu] Present                    0.254 ms (last   0.255)
[gpu] FG setup                   0.093 ms (last   0.094)
[gpu] FG depth                   0.083 ms (last   0.084)
[gpu] FG game vector field       0.306 ms (last   0.307)
[gpu] FG flow vector field       0.252 ms (last   0.253)
[gpu] FG disocclusion masks      0.160 ms (last   0.161)
[gpu] FG image inpaint           0.234 ms (last   0.234)
[gpu] TOTAL                     12.015 ms (last  11.393)
[present] 1068 presents (534 real, 534 generated)  interval mean 7.252 ms (137.9 fps)  std 7.054 ms  p99 17.505 ms
[present] latency sample -> real frame 14.51 ms   sample -> generated frame 14.25 ms
