[gl] AMD Radeon RX 580 Series (radeonsi, polaris10, ACO, DRM 3.64, 7.1.13-hardened1-2-hardened) | 4.6 (Core Profile) Mesa 26.2.2-arch1.1 | GLSL 4.60
[gltf] /home/matthew/Documents/Workspace/ante-galic/assets/sponza/Sponza.gltf: 103 meshes, 103 instances, 25 textures
[app] keys: 1-9 debug views | 0 interpolated frame | J jitter | P scripted path | V vsync | F1-F5 scaling mode | SPACE pause | F12 screenshot | ESC quit
[app]       G frame generation | Y pacing | H HUD | T tear lines | [ ] synthetic load
[gpu] G-buffer                   0.743 ms (last   0.741)
[gpu] Tonemap                    0.083 ms (last   0.082)
[gpu] FSR dilate                 0.247 ms (last   0.244)
[gpu] FSR locks                  0.059 ms (last   0.059)
[gpu] FSR accumulate             0.679 ms (last   0.686)
[gpu] Optical flow               0.557 ms (last   0.559)
[gpu] OF pyramid                 0.108 ms (last   0.108)
[gpu] OF scene change            0.038 ms (last   0.039)
[gpu] OF flow                    0.408 ms (last   0.408)
[gpu] OF level 6                 0.027 ms (last   0.027)
[gpu] OF level 5                 0.018 ms (last   0.018)
[gpu] OF level 4                 0.018 ms (last   0.018)
[gpu] OF level 3                 0.018 ms (last   0.018)
[gpu] OF level 2                 0.029 ms (last   0.029)
[gpu] OF level 1                 0.070 ms (last   0.070)
[gpu] OF level 0                 0.228 ms (last   0.228)
[gpu] Frame generation           1.833 ms (last   1.848)
[gpu] FG interpolate             0.545 ms (last   0.549)
[gpu] Present                    0.256 ms (last   0.255)
[gpu] FG setup                   0.094 ms (last   0.095)
[gpu] FG depth                   0.083 ms (last   0.083)
[gpu] FG game vector field       0.304 ms (last   0.308)
[gpu] FG flow vector field       0.251 ms (last   0.254)
[gpu] FG disocclusion masks      0.160 ms (last   0.161)
[gpu] FG image inpaint           0.234 ms (last   0.235)
[gpu] TOTAL                      4.457 ms (last   4.473)
[present] 2398 presents (1199 real, 1199 generated)  interval mean 3.278 ms (305.1 fps)  std 3.047 ms  p99 7.561 ms
[present] latency sample -> real frame 6.55 ms   sample -> generated frame 6.28 ms
