[gl:warn] Buffer performance warning: Buffer object 209 (bound to NONE, usage hint is GL_DYNAMIC_DRAW) is being copied/moved from VIDEO memory to HOST memory.
[gl:warn] Buffer performance warning: Buffer object 210 (bound to NONE, usage hint is GL_DYNAMIC_DRAW) is being copied/moved from VIDEO memory to DMA CACHED memory.
[gl:warn] Buffer performance warning: Buffer object 211 (bound to NONE, usage hint is GL_DYNAMIC_DRAW) is being copied/moved from VIDEO memory to DMA CACHED memory.
[gl:warn] Buffer performance warning: Buffer object 209 (bound to NONE, usage hint is GL_DYNAMIC_DRAW) is being copied/moved from VIDEO memory to DMA CACHED memory.
[gl] NVIDIA GeForce RTX 5070/PCIe/SSE2 | 4.6.0 NVIDIA 616.92 | GLSL 4.60 NVIDIA
[gltf] C:/Users/Korisnik/Desktop/a/assets/sponza/Sponza.gltf: 103 meshes, 103 instances, 25 textures
[app] keys: 1-9 debug views | 0 interpolated frame | J jitter | P scripted path | V vsync | F1-F5 scaling mode | SPACE pause | F12 screenshot | ESC quit
[app]       G frame generation | Y pacing | H HUD | T tear lines | [ ] synthetic load
[gpu] G-buffer                   0.160 ms (last   0.159)
[gpu] Tonemap                    0.016 ms (last   0.011)
[gpu] FSR dilate                 0.027 ms (last   0.026)
[gpu] FSR locks                  0.013 ms (last   0.013)
[gpu] FSR accumulate             0.147 ms (last   0.135)
[gpu] Optical flow               0.241 ms (last   0.241)
[gpu] OF pyramid                 0.024 ms (last   0.024)
[gpu] OF scene change            0.018 ms (last   0.018)
[gpu] OF flow                    0.196 ms (last   0.196)
[gpu] OF level 6                 0.020 ms (last   0.020)
[gpu] OF level 5                 0.013 ms (last   0.014)
[gpu] OF level 4                 0.013 ms (last   0.013)
[gpu] OF level 3                 0.014 ms (last   0.013)
[gpu] OF level 2                 0.016 ms (last   0.016)
[gpu] OF level 1                 0.030 ms (last   0.030)
[gpu] OF level 0                 0.089 ms (last   0.088)
[gpu] Frame generation           0.280 ms (last   0.276)
[gpu] FG interpolate             0.057 ms (last   0.057)
[gpu] Present                    0.039 ms (last   0.039)
[gpu] FG setup                   0.012 ms (last   0.012)
[gpu] FG depth                   0.011 ms (last   0.011)
[gpu] FG game vector field       0.043 ms (last   0.043)
[gpu] FG flow vector field       0.047 ms (last   0.045)
[gpu] FG disocclusion masks      0.029 ms (last   0.028)
[gpu] FG image inpaint           0.048 ms (last   0.048)
[gpu] TOTAL                      0.922 ms (last   0.900)
[present] 8912 presents (4456 real, 4456 generated)  interval mean 0.891 ms (1121.8 fps)  std 0.184 ms  p99 1.464 ms
[present] latency sample -> real frame 2.45 ms   sample -> generated frame 1.63 ms
